[github.com/plataformatec/devise/wiki.html]
[backblue.gif]
[fade.gif]
[index.html]
[github.com/plataformatec/devise/commits/master.atom]
[github.com/plataformatec/devise/watchers.html]
[github.com/plataformatec/devise/stargazers.html]
[github.com/plataformatec/devise/network.html]
[github.com/plataformatec/devise/pulls.html]
[github.com/plataformatec/devise/projects.html]
[github.com/plataformatec/devise/pulse.html]
[github.com/plataformatec/devise/graphs/contributors.html]
[github.com/plataformatec/devise/wiki.html]
[github.com/plataformatec/devise/watchers.html]
[github.com/plataformatec/devise/stargazers.html]
[github.com/plataformatec/devise/network.html]
[github.com/plataformatec/devise/pulls.html]
[github.com/plataformatec/devise/projects.html]
[github.com/plataformatec/devise/pulse.html]
[github.com/plataformatec/devise/graphs/contributors.html]
[github.com/plataformatec/devise/issues]
[github.com/plataformatec/devise/wiki/Home/_history]
[github.com/plataformatec/devise/wiki/Bug-reports]
[github.com/plataformatec/devise/wiki/Callbacks]
[github.com/plataformatec/devise/wiki/Confirmable-with-many-emails]
[github.com/plataformatec/devise/wiki/Contributing]
[github.com/plataformatec/devise/wiki/Customize-minimum-password-length]
[github.com/plataformatec/devise/wiki/Disable-password-confirmation-during-registration]
[github.com/plataformatec/devise/wiki/Example-applications]
[github.com/plataformatec/devise/wiki/Extensions]
[github.com/plataformatec/devise/wiki/How-does-Devise-work]
[github.com/plataformatec/devise/wiki/How-to-_-Skip-Devise-Session-Timeout-for-Other-controller-actions]
[github.com/plataformatec/devise/wiki/How-to-Setup-Multiple-Devise-User-Models]
[github.com/plataformatec/devise/wiki/How-To_--Redirect-with-locale-after-authentication-failure]
[github.com/plataformatec/devise/wiki/How-To_-Add-_confirmable-to-Users]
[github.com/plataformatec/devise/wiki/How-To_-Add-_lockable-to-Users]
[github.com/plataformatec/devise/wiki/How-To_-Add-a-default-role-to-a-User]
[github.com/plataformatec/devise/wiki/How-To_-Add-an-Admin-Role]
[github.com/plataformatec/devise/wiki/How-To_-Add-sign_in,-sign_out,-and-sign_up-links-to-your-layout-template]
[github.com/plataformatec/devise/wiki/How-To_-Add-timeout_in-value-dynamically]
[github.com/plataformatec/devise/wiki/How-To_-Allow-users-to-edit-their-account-without-providing-a-password]
[github.com/plataformatec/devise/wiki/How-To_-Allow-users-to-edit-their-password]
[github.com/plataformatec/devise/wiki/How-To_-Allow-users-to-sign-in-using-their-username-or-email-address]
[github.com/plataformatec/devise/wiki/How-To_-Allow-users-to-sign-in-with-something-other-than-their-email-address]
[github.com/plataformatec/devise/wiki/How-To_-Allow-users-to-sign_in-using-their-username-or-email-address]
[github.com/plataformatec/devise/wiki/How-To_-Authenticate-via-LDAP]
[github.com/plataformatec/devise/wiki/How-To_-Automatically-generate-password-for-users-(simpler-registration)]
[github.com/plataformatec/devise/wiki/How-To_-Change-an-already-existing-table-to-add-devise-required-columns]
[github.com/plataformatec/devise/wiki/How-To_-Change-Default-Sign_up---Registration-Path-with-Custom-Path]
[github.com/plataformatec/devise/wiki/How-To_-Change-the-default-sign_in-and-sign_out-routes]
[github.com/plataformatec/devise/wiki/How-To_-Change-the-redirect-path-after-destroying-a-session-i.e.-signing-out]
[github.com/plataformatec/devise/wiki/How-To_-Configure-a-master-password]
[github.com/plataformatec/devise/wiki/How-To_-Create-a-custom-encryptor]
[github.com/plataformatec/devise/wiki/How-To_-Create-a-guest-user]
[github.com/plataformatec/devise/wiki/How-To_-Create-custom-layouts]
[github.com/plataformatec/devise/wiki/How-To_-Create-Haml-and-Slim-Views]
[github.com/plataformatec/devise/wiki/How-To_-Customize-routes-to-user-registration-pages]
[github.com/plataformatec/devise/wiki/How-To_-Customize-the-redirect-after-a-user-edits-their-profile]
[github.com/plataformatec/devise/wiki/How-To_-Customize-user-account-status-validation-when-logging-in]
[github.com/plataformatec/devise/wiki/How-To_-Define-a-different-root-route-for-logged-in-out-users]
[github.com/plataformatec/devise/wiki/How-To_-Define-resource-actions-that-require-authentication-using-routes.rb]
[github.com/plataformatec/devise/wiki/How-To_-Disable-user-from-destroying-their-account]
[github.com/plataformatec/devise/wiki/How-To_-Disallow-previously-used-passwords]
[github.com/plataformatec/devise/wiki/How-To_-Display-a-custom-sign_in-form-anywhere-in-your-app]
[github.com/plataformatec/devise/wiki/How-To_-Do-not-redirect-to-login-page-after-session-timeout]
[github.com/plataformatec/devise/wiki/How-To_-Email-only-sign-up]
[github.com/plataformatec/devise/wiki/How-To_-Embed-users-in-your-account-model-with-Mongoid]
[github.com/plataformatec/devise/wiki/How-To_-Find-a-user-when-you-have-their-credentials]
[github.com/plataformatec/devise/wiki/How-To_-Integrate-I18n-Flash-Messages-with-Devise-and-Bootstrap]
[github.com/plataformatec/devise/wiki/How-To_-Integrate-with-CanCan-for-roles-management]
[github.com/plataformatec/devise/wiki/How-to_-make-Devise-work-with-iOS-(for-Rails)]
[github.com/plataformatec/devise/wiki/How-To_-Make-Devise-work-with-other-formats-like-mobile,-iPhone-and-iPad---Rails-specific]
[github.com/plataformatec/devise/wiki/How-To_-Manage-users-through-a-CRUD-interface]
[github.com/plataformatec/devise/wiki/How-To_-Manage-Users-with-an-Admin-Role-(CanCan-method)]
[github.com/plataformatec/devise/wiki/How-To_-Mass-password-reset-and-email-notification]
[github.com/plataformatec/devise/wiki/How-To_-Migrate-from-restful_authentication-to-Devise]
[github.com/plataformatec/devise/wiki/How-To_-Migration-legacy-database]
[github.com/plataformatec/devise/wiki/How-To_-Not-auto-sign-out-after-user-edit-profile]
[github.com/plataformatec/devise/wiki/How-To_-OmniAuth-inside-localized-scope]
[github.com/plataformatec/devise/wiki/How-To_-Override-build_resource({})]
[github.com/plataformatec/devise/wiki/How-To_-Override-confirmations-so-users-can-pick-their-own-passwords-as-part-of-confirmation-activation]
[github.com/plataformatec/devise/wiki/How-To_-Protect-Resque-Web-with-Devise]
[github.com/plataformatec/devise/wiki/How-To_-Redirect-back-to-current-page-after-sign-in,-sign-out,-sign-up,-update]
[github.com/plataformatec/devise/wiki/How-To_-redirect-from-HTTPS-to-HTTP-on-successful-sign-out]
[github.com/plataformatec/devise/wiki/How-To_-redirect-to-a-specific-page-on-successful-sign-in]
[github.com/plataformatec/devise/wiki/How-To_-Redirect-to-a-specific-page-on-successful-sign-in---sign-out]
[github.com/plataformatec/devise/wiki/How-To_-Redirect-to-a-specific-page-on-successful-sign-in-and-sign-out]
[github.com/plataformatec/devise/wiki/How-To_-Redirect-to-a-specific-page-on-successful-sign-in-or-sign-out]
[github.com/plataformatec/devise/wiki/How-To_-Redirect-to-a-specific-page-on-successful-sign-in-out]
[github.com/plataformatec/devise/wiki/How-To_-Redirect-to-a-specific-page-on-successful-sign-up-(registration)]
[github.com/plataformatec/devise/wiki/How-To_-redirect-to-a-specific-page-on-successful-sign_in,-sign_out,-and-or-sign_up]
[github.com/plataformatec/devise/wiki/How-To_-Redirect-to-a-specific-page-when-the-user-can-not-be-authenticated]
[github.com/plataformatec/devise/wiki/How-To_-Redirect-URL-after-sending-reset-password-instructions]
[github.com/plataformatec/devise/wiki/How-to_-Remote-authentication-with-Devise]
[github.com/plataformatec/devise/wiki/How-To_-request-or-feature-test-with-Rails-3-(and-rspec)-for-signup]
[github.com/plataformatec/devise/wiki/How-To_-Require-admin-to-activate-account-before-sign_in]
[github.com/plataformatec/devise/wiki/How-To_-Require-authentication-for-all-pages]
[github.com/plataformatec/devise/wiki/How-To_-Rspec-with-devise-and-machinist]
[github.com/plataformatec/devise/wiki/How-to_-Scope-login-to-subdomain]
[github.com/plataformatec/devise/wiki/How-To_-Send-devise-emails-in-background-(Resque,-Sidekiq-and-Delayed__Job)]
[github.com/plataformatec/devise/wiki/How-To_-Send-emails-from-subdomains]
[github.com/plataformatec/devise/wiki/How-To_-Set-_host-and-_port-for-all-devise-mailer-urls]
[github.com/plataformatec/devise/wiki/How-To_-Set-up-devise-as-a-single-user-system]
[github.com/plataformatec/devise/wiki/How-To_-Set-up-simple-password-complexity-requirements]
[github.com/plataformatec/devise/wiki/How-To_-sign-in-and-out-a-user-in-Request-type-specs-(specs-tagged-with-type_-_request)]
[github.com/plataformatec/devise/wiki/How-To_-Sign-in-as-another-user-if-you-are-an-admin]
[github.com/plataformatec/devise/wiki/How-To_-Sign-in-from-a-controller]
[github.com/plataformatec/devise/wiki/How-To_-Simple-Token-Authentication-Example]
[github.com/plataformatec/devise/wiki/How-to_-Soft-delete-a-user-when-user-deletes-account]
[github.com/plataformatec/devise/wiki/How-To_-Stub-authentication-in-controller-specs]
[github.com/plataformatec/devise/wiki/How-To_-Test-controllers-with-Rails-3-and-4-(and-RSpec)]
[github.com/plataformatec/devise/wiki/How-To_-Test-with-Capybara]
[github.com/plataformatec/devise/wiki/How-To_-Test-with-Cucumber]
[github.com/plataformatec/devise/wiki/How-To_-Turn-off-trackable-for-admin-users]
[github.com/plataformatec/devise/wiki/How-To_-Two-step-confirmation]
[github.com/plataformatec/devise/wiki/How-To_-Upgrade-to-Devise-2.0]
[github.com/plataformatec/devise/wiki/How-To_-Upgrade-to-Devise-2.0-migration-schema-style]
[github.com/plataformatec/devise/wiki/How-To_-Upgrade-to-Devise-2.1]
[github.com/plataformatec/devise/wiki/How-To_-Upgrade-to-Devise-2.2]
[github.com/plataformatec/devise/wiki/How-To_-Upgrade-to-Devise-3.1]
[github.com/plataformatec/devise/wiki/How-To_-Upgrade_-General-Instructions]
[github.com/plataformatec/devise/wiki/How-to_-Use-a-custom-email-validator-with-Devise]
[github.com/plataformatec/devise/wiki/How-to_-Use-cancan-devise,-the-easy-way]
[github.com/plataformatec/devise/wiki/How-To_-Use-case-insensitive-emails]
[github.com/plataformatec/devise/wiki/How-To_-Use-custom-mailer]
[github.com/plataformatec/devise/wiki/How-To_-Use-Devise-generated-method-and-filters-for-controllers]
[github.com/plataformatec/devise/wiki/How-To_-Use-devise-inside-a-mountable-engine]
[github.com/plataformatec/devise/wiki/How-To_-Use-HTTP-Auth-Basic-with-Devise]
[github.com/plataformatec/devise/wiki/How-To_-Use-HTTP-Authentication]
[github.com/plataformatec/devise/wiki/How-To_-Use-HTTP-Basic-Authentication]
[github.com/plataformatec/devise/wiki/How-To_-Use-Recaptcha-with-Devise]
[github.com/plataformatec/devise/wiki/How-To_-Use-SSL-(HTTPS)]
[github.com/plataformatec/devise/wiki/How-To_-Use-subdomains]
[github.com/plataformatec/devise/wiki/How-To_-Use-with-BackboneJS-models]
[github.com/plataformatec/devise/wiki/How-To_-Using-ActiveAdmin-to-login-as-any-user]
[github.com/plataformatec/devise/wiki/How-To_-Using-paranoid-mode,-avoid-user-enumeration-on-registerable]
[github.com/plataformatec/devise/wiki/How-to_-Write-your-own-serializer]
[github.com/plataformatec/devise/wiki/How-To_I18n-Message-for-Scoped-Resources]
[github.com/plataformatec/devise/wiki/How-Tos]
[github.com/plataformatec/devise/wiki/I18n]
[github.com/plataformatec/devise/wiki/List-of-Devise-Controllers]
[github.com/plataformatec/devise/wiki/Lockdown-Username-Change]
[github.com/plataformatec/devise/wiki/Notify-users-via-email-when-their-passwords-change]
[github.com/plataformatec/devise/wiki/OmniAuth-with-multiple-models]
[github.com/plataformatec/devise/wiki/OmniAuth_--Testing]
[github.com/plataformatec/devise/wiki/OmniAuth_-Overview]
[github.com/plataformatec/devise/wiki/Omniauthable,-sign-out-action-and-rememberable]
[github.com/plataformatec/devise/wiki/Override-devise_error_messages!-for-views]
[github.com/plataformatec/devise/wiki/Speed-up-your-unit-tests]
[github.com/plataformatec/devise/wiki/Tool_-Generate-and-customize-controllers]
[github.com/plataformatec/devise/wiki/OmniAuth_-Overview-2]
[github.com/plataformatec/devise/watchers4658]
[github.com/plataformatec/devise/watchers9ba9]
[github.com/plataformatec/devise/watchersfdb0]
[github.com/plataformatec/devise/watchersaf4d]
[github.com/plataformatec/devise/watchers0b08]
[github.com/plataformatec/devise/watchers1448]
[github.com/plataformatec/devise/stargazers/you_know]
[github.com/plataformatec/devise/stargazers4658]
[github.com/plataformatec/devise/graphs/commit-activity]
[github.com/plataformatec/devise/graphs/code-frequency]
[github.com/plataformatec/devise/graphs/punch-card]
[github.com/plataformatec/devise/network/members]
[github.com/plataformatec/devise/compare]
[github.com/plataformatec/devise/labels]
[github.com/plataformatec/devise/milestones]
[github.com/plataformatec/devise/issuese309]
[github.com/plataformatec/devise/issues762f]
[github.com/plataformatec/devise/issues41bb]
[github.com/plataformatec/devise/issueseff9]
[github.com/plataformatec/devise/issuesa03c]
[github.com/plataformatec/devise/issues28ff]
[github.com/plataformatec/devise/issues6a93]
[github.com/plataformatec/devise/issues5e85]
[github.com/plataformatec/devise/issuesef5c]
[github.com/plataformatec/devise/issues2b8a]
[github.com/plataformatec/devise/issuesb302]
[github.com/plataformatec/devise/issues58f0]
[github.com/plataformatec/devise/issueseeb1]
[github.com/plataformatec/devise/pull/4351]
[github.com/plataformatec/devise/issues2010]
[github.com/plataformatec/devise/pull/4349]
[github.com/plataformatec/devise/issues499c]
[github.com/plataformatec/devise/pull/4337]
[github.com/plataformatec/devise/issues31a2]
[github.com/plataformatec/devise/pull/4331]
[github.com/plataformatec/devise/issues0475]
[github.com/plataformatec/devise/pull/4311]
[github.com/plataformatec/devise/issuesfd33]
[github.com/plataformatec/devise/pull/4302]
[github.com/plataformatec/devise/issues71b8]
[github.com/plataformatec/devise/pull/4280]
[github.com/plataformatec/devise/issues2f94]
[github.com/plataformatec/devise/pull/4274]
[github.com/plataformatec/devise/issues1d74]
[github.com/plataformatec/devise/issuesef2d]
[github.com/plataformatec/devise/pull/4265]
[github.com/plataformatec/devise/issues33bb]
[github.com/plataformatec/devise/pull/4261]
[github.com/plataformatec/devise/issuesbad4]
[github.com/plataformatec/devise/issuesc591]
[github.com/plataformatec/devise/pull/4248]
[github.com/plataformatec/devise/issuesab57]
[github.com/plataformatec/devise/pull/4224]
[github.com/plataformatec/devise/issues3d90]
[github.com/plataformatec/devise/pull/4182]
[github.com/plataformatec/devise/issues6ad5]
[github.com/plataformatec/devise/pull/4159]
[github.com/plataformatec/devise/issuesc2ce]
[github.com/plataformatec/devise/pull/4156]
[github.com/plataformatec/devise/issuesf437]
[github.com/plataformatec/devise/pull/4086]
[github.com/plataformatec/devise/issuesb329]
[github.com/plataformatec/devise/pull/4038]
[github.com/plataformatec/devise/issuesfb2f]
[github.com/plataformatec/devise/issues6a4a]
[github.com/plataformatec/devise/issuesb9ec]
[github.com/plataformatec/devise/pull/3933]
[github.com/plataformatec/devise/issues61b2]
[github.com/plataformatec/devise/issuescdb6]
[github.com/plataformatec/devise/milestone/10]
[github.com/plataformatec/devise/issues8af4]
[github.com/plataformatec/devise/pull/3874]
[github.com/plataformatec/devise/issues3acf]
[github.com/plataformatec/devise/pull/3673]
[github.com/plataformatec/devise/issues9432]
[github.com/plataformatec/devise/pull/2545]
[github.com/plataformatec/devise/issuesaa4b]
[github.com/plataformatec/devise/issues20b4]
[github.com/plataformatec/devise/issues4853]
[github.com/plataformatec/devise/issues/4354]
[github.com/plataformatec/devise/issues/4347]
[github.com/plataformatec/devise/issues/3674]
[github.com/plataformatec/devise/issues/4315]
